// Jest Snapshot v1, https://goo.gl/fbAQLP

exports[`EducationSnippet component matches snapshot 1`] = `
Object {
  "asFragment": [Function],
  "baseElement": <body>
    <div>
      <div
        class="EducationSnippet"
      >
        <div
          class="MuiPaper-root MuiPaper-elevation MuiPaper-rounded MuiPaper-elevation0 snippetPaper css-1khjo2-MuiPaper-root"
        >
          <div
            class="org"
          >
            <a
              href="testLink"
              rel="noopener noreferrer"
              target="_blank"
            >
              <img
                alt="testNamelogo"
                class="logo"
                src="testLogo"
              />
            </a>
            <div
              class="nameLocationWrapper"
            >
              <div
                class="nameLocation"
              >
                <a
                  class="name"
                  href="testLink"
                  rel="noopener noreferrer"
                  target="_blank"
                >
                  <h3>
                    testName
                  </h3>
                </a>
                <p
                  class="location"
                >
                  testLocation
                </p>
              </div>
            </div>
          </div>
          <div
            class="detailsWrapper"
          >
            <div
              class="details"
            >
              <p
                class="detailsDegree"
              >
                 
                <strong>
                  testDegree
                </strong>
                 
              </p>
              <p
                class="detailsDate"
              >
                testDateRange
              </p>
              <p>
                 
                <strong>
                  GPA:
                </strong>
                 
                testGpa
              </p>
              <p>
                <li>
                  testAchievement1
                </li>
                <li>
                  testAchievement2
                </li>
              </p>
            </div>
          </div>
        </div>
      </div>
    </div>
  </body>,
  "container": <div>
    <div
      class="EducationSnippet"
    >
      <div
        class="MuiPaper-root MuiPaper-elevation MuiPaper-rounded MuiPaper-elevation0 snippetPaper css-1khjo2-MuiPaper-root"
      >
        <div
          class="org"
        >
          <a
            href="testLink"
            rel="noopener noreferrer"
            target="_blank"
          >
            <img
              alt="testNamelogo"
              class="logo"
              src="testLogo"
            />
          </a>
          <div
            class="nameLocationWrapper"
          >
            <div
              class="nameLocation"
            >
              <a
                class="name"
                href="testLink"
                rel="noopener noreferrer"
                target="_blank"
              >
                <h3>
                  testName
                </h3>
              </a>
              <p
                class="location"
              >
                testLocation
              </p>
            </div>
          </div>
        </div>
        <div
          class="detailsWrapper"
        >
          <div
            class="details"
          >
            <p
              class="detailsDegree"
            >
               
              <strong>
                testDegree
              </strong>
               
            </p>
            <p
              class="detailsDate"
            >
              testDateRange
            </p>
            <p>
               
              <strong>
                GPA:
              </strong>
               
              testGpa
            </p>
            <p>
              <li>
                testAchievement1
              </li>
              <li>
                testAchievement2
              </li>
            </p>
          </div>
        </div>
      </div>
    </div>
  </div>,
  "debug": [Function],
  "findAllByAltText": [Function],
  "findAllByDisplayValue": [Function],
  "findAllByLabelText": [Function],
  "findAllByPlaceholderText": [Function],
  "findAllByRole": [Function],
  "findAllByTestId": [Function],
  "findAllByText": [Function],
  "findAllByTitle": [Function],
  "findByAltText": [Function],
  "findByDisplayValue": [Function],
  "findByLabelText": [Function],
  "findByPlaceholderText": [Function],
  "findByRole": [Function],
  "findByTestId": [Function],
  "findByText": [Function],
  "findByTitle": [Function],
  "getAllByAltText": [Function],
  "getAllByDisplayValue": [Function],
  "getAllByLabelText": [Function],
  "getAllByPlaceholderText": [Function],
  "getAllByRole": [Function],
  "getAllByTestId": [Function],
  "getAllByText": [Function],
  "getAllByTitle": [Function],
  "getByAltText": [Function],
  "getByDisplayValue": [Function],
  "getByLabelText": [Function],
  "getByPlaceholderText": [Function],
  "getByRole": [Function],
  "getByTestId": [Function],
  "getByText": [Function],
  "getByTitle": [Function],
  "queryAllByAltText": [Function],
  "queryAllByDisplayValue": [Function],
  "queryAllByLabelText": [Function],
  "queryAllByPlaceholderText": [Function],
  "queryAllByRole": [Function],
  "queryAllByTestId": [Function],
  "queryAllByText": [Function],
  "queryAllByTitle": [Function],
  "queryByAltText": [Function],
  "queryByDisplayValue": [Function],
  "queryByLabelText": [Function],
  "queryByPlaceholderText": [Function],
  "queryByRole": [Function],
  "queryByTestId": [Function],
  "queryByText": [Function],
  "queryByTitle": [Function],
  "rerender": [Function],
  "unmount": [Function],
}
`;
