// Jest Snapshot v1, https://goo.gl/fbAQLP

exports[`Education component matches snapshot 1`] = `
Object {
  "asFragment": [Function],
  "baseElement": <body>
    <div>
      <div
        class="Education"
        id="education"
      >
        <h2>
          EDUCATION
        </h2>
        <div
          class="EducationSnippet"
        >
          <div
            class="MuiPaper-root MuiPaper-elevation MuiPaper-rounded MuiPaper-elevation10 snippetPaper css-14epxft-MuiPaper-root"
          >
            <div
              class="org"
            >
              <a
                href="https://www.middlebury.edu/"
                rel="noopener noreferrer"
                target="_blank"
              >
                <img
                  alt="Middlebury Collegelogo"
                  class="logo"
                  src="middleburyLogo.png"
                />
              </a>
              <div
                class="nameLocationWrapper"
              >
                <div
                  class="nameLocation"
                >
                  <a
                    class="name"
                    href="https://www.middlebury.edu/"
                    rel="noopener noreferrer"
                    target="_blank"
                  >
                    <h3>
                      Middlebury College
                    </h3>
                  </a>
                  <p
                    class="location"
                  >
                    Middlebury, VT
                  </p>
                </div>
              </div>
            </div>
            <div
              class="detailsWrapper"
            >
              <div
                class="details"
              >
                <p
                  class="detailsDegree"
                >
                   
                  <strong>
                    B.A. in Computer Science,
                                         
     Minor in Russian Language
                  </strong>
                   
                </p>
                <p
                  class="detailsDate"
                >
                  Sep 2018 - Feb 2023
                </p>
                <p>
                   
                  <strong>
                    GPA:
                  </strong>
                   
                  3.5
                </p>
                <p>
                  <li>
                    cum laude
                  </li>
                  <li>
                    Computer Science Honors
                  </li>
                </p>
              </div>
            </div>
          </div>
        </div>
        <div
          class="EducationSnippet"
        >
          <div
            class="MuiPaper-root MuiPaper-elevation MuiPaper-rounded MuiPaper-elevation10 snippetPaper css-14epxft-MuiPaper-root"
          >
            <div
              class="org"
            >
              <a
                href="https://orchlon.mn/en/"
                rel="noopener noreferrer"
                target="_blank"
              >
                <img
                  alt="Orchlon International Schoollogo"
                  class="logo"
                  src="orchlon.png"
                />
              </a>
              <div
                class="nameLocationWrapper"
              >
                <div
                  class="nameLocation"
                >
                  <a
                    class="name"
                    href="https://orchlon.mn/en/"
                    rel="noopener noreferrer"
                    target="_blank"
                  >
                    <h3>
                      Orchlon International School
                    </h3>
                  </a>
                  <p
                    class="location"
                  >
                    Ulaanbaatar, Mongolia
                  </p>
                </div>
              </div>
            </div>
            <div
              class="detailsWrapper"
            >
              <div
                class="details"
              >
                <p
                  class="detailsDegree"
                >
                   
                  <strong>
                    High School Diploma
                  </strong>
                   
                </p>
                <p
                  class="detailsDate"
                >
                  Sep 2006 - May 2018
                </p>
                <p>
                   
                  <strong>
                    GPA:
                  </strong>
                   
                  3.9
                </p>
                <p>
                  <li>
                    Captain of varsity volleyball team
                  </li>
                  <li>
                    Class President for 9 years
                  </li>
                </p>
              </div>
            </div>
          </div>
        </div>
      </div>
    </div>
  </body>,
  "container": <div>
    <div
      class="Education"
      id="education"
    >
      <h2>
        EDUCATION
      </h2>
      <div
        class="EducationSnippet"
      >
        <div
          class="MuiPaper-root MuiPaper-elevation MuiPaper-rounded MuiPaper-elevation10 snippetPaper css-14epxft-MuiPaper-root"
        >
          <div
            class="org"
          >
            <a
              href="https://www.middlebury.edu/"
              rel="noopener noreferrer"
              target="_blank"
            >
              <img
                alt="Middlebury Collegelogo"
                class="logo"
                src="middleburyLogo.png"
              />
            </a>
            <div
              class="nameLocationWrapper"
            >
              <div
                class="nameLocation"
              >
                <a
                  class="name"
                  href="https://www.middlebury.edu/"
                  rel="noopener noreferrer"
                  target="_blank"
                >
                  <h3>
                    Middlebury College
                  </h3>
                </a>
                <p
                  class="location"
                >
                  Middlebury, VT
                </p>
              </div>
            </div>
          </div>
          <div
            class="detailsWrapper"
          >
            <div
              class="details"
            >
              <p
                class="detailsDegree"
              >
                 
                <strong>
                  B.A. in Computer Science,
                                         
     Minor in Russian Language
                </strong>
                 
              </p>
              <p
                class="detailsDate"
              >
                Sep 2018 - Feb 2023
              </p>
              <p>
                 
                <strong>
                  GPA:
                </strong>
                 
                3.5
              </p>
              <p>
                <li>
                  cum laude
                </li>
                <li>
                  Computer Science Honors
                </li>
              </p>
            </div>
          </div>
        </div>
      </div>
      <div
        class="EducationSnippet"
      >
        <div
          class="MuiPaper-root MuiPaper-elevation MuiPaper-rounded MuiPaper-elevation10 snippetPaper css-14epxft-MuiPaper-root"
        >
          <div
            class="org"
          >
            <a
              href="https://orchlon.mn/en/"
              rel="noopener noreferrer"
              target="_blank"
            >
              <img
                alt="Orchlon International Schoollogo"
                class="logo"
                src="orchlon.png"
              />
            </a>
            <div
              class="nameLocationWrapper"
            >
              <div
                class="nameLocation"
              >
                <a
                  class="name"
                  href="https://orchlon.mn/en/"
                  rel="noopener noreferrer"
                  target="_blank"
                >
                  <h3>
                    Orchlon International School
                  </h3>
                </a>
                <p
                  class="location"
                >
                  Ulaanbaatar, Mongolia
                </p>
              </div>
            </div>
          </div>
          <div
            class="detailsWrapper"
          >
            <div
              class="details"
            >
              <p
                class="detailsDegree"
              >
                 
                <strong>
                  High School Diploma
                </strong>
                 
              </p>
              <p
                class="detailsDate"
              >
                Sep 2006 - May 2018
              </p>
              <p>
                 
                <strong>
                  GPA:
                </strong>
                 
                3.9
              </p>
              <p>
                <li>
                  Captain of varsity volleyball team
                </li>
                <li>
                  Class President for 9 years
                </li>
              </p>
            </div>
          </div>
        </div>
      </div>
    </div>
  </div>,
  "debug": [Function],
  "findAllByAltText": [Function],
  "findAllByDisplayValue": [Function],
  "findAllByLabelText": [Function],
  "findAllByPlaceholderText": [Function],
  "findAllByRole": [Function],
  "findAllByTestId": [Function],
  "findAllByText": [Function],
  "findAllByTitle": [Function],
  "findByAltText": [Function],
  "findByDisplayValue": [Function],
  "findByLabelText": [Function],
  "findByPlaceholderText": [Function],
  "findByRole": [Function],
  "findByTestId": [Function],
  "findByText": [Function],
  "findByTitle": [Function],
  "getAllByAltText": [Function],
  "getAllByDisplayValue": [Function],
  "getAllByLabelText": [Function],
  "getAllByPlaceholderText": [Function],
  "getAllByRole": [Function],
  "getAllByTestId": [Function],
  "getAllByText": [Function],
  "getAllByTitle": [Function],
  "getByAltText": [Function],
  "getByDisplayValue": [Function],
  "getByLabelText": [Function],
  "getByPlaceholderText": [Function],
  "getByRole": [Function],
  "getByTestId": [Function],
  "getByText": [Function],
  "getByTitle": [Function],
  "queryAllByAltText": [Function],
  "queryAllByDisplayValue": [Function],
  "queryAllByLabelText": [Function],
  "queryAllByPlaceholderText": [Function],
  "queryAllByRole": [Function],
  "queryAllByTestId": [Function],
  "queryAllByText": [Function],
  "queryAllByTitle": [Function],
  "queryByAltText": [Function],
  "queryByDisplayValue": [Function],
  "queryByLabelText": [Function],
  "queryByPlaceholderText": [Function],
  "queryByRole": [Function],
  "queryByTestId": [Function],
  "queryByText": [Function],
  "queryByTitle": [Function],
  "rerender": [Function],
  "unmount": [Function],
}
`;
