// Jest Snapshot v1, https://goo.gl/fbAQLP

exports[`Header component matches snapshot 1`] = `
Object {
  "asFragment": [Function],
  "baseElement": <body>
    <div>
      <header
        class="MuiPaper-root MuiPaper-elevation MuiPaper-elevation1 MuiAppBar-root MuiAppBar-colorPrimary MuiAppBar-positionFixed appBar mui-fixed css-1jrbdul-MuiPaper-root-MuiAppBar-root"
      >
        <div
          class="MuiToolbar-root MuiToolbar-gutters MuiToolbar-regular toolbar css-hyum1k-MuiToolbar-root"
        >
          <button
            class="MuiButtonBase-root MuiButton-root MuiButton-text MuiButton-textPrimary MuiButton-sizeMedium MuiButton-textSizeMedium MuiButton-root MuiButton-text MuiButton-textPrimary MuiButton-sizeMedium MuiButton-textSizeMedium css-1e6y48t-MuiButtonBase-root-MuiButton-root"
            tabindex="0"
            type="button"
          >
            <div
              class="logoWrapper"
            >
              <img
                alt="logo"
                class="logo"
                src="logo.png"
              />
            </div>
            <span
              class="MuiTouchRipple-root css-8je8zh-MuiTouchRipple-root"
            />
          </button>
          <div
            class="buttonsWrapper"
          >
            <div
              class="buttons"
            >
              <a
                class="link"
              >
                EDUCATION
              </a>
              <a
                class="link"
              >
                EXPERIENCE
              </a>
              <a
                class="link"
              >
                PROJECTS
              </a>
              <a
                class="link"
              >
                SKILLS
              </a>
              <a
                class="link"
              >
                CONTACT
              </a>
            </div>
          </div>
        </div>
      </header>
    </div>
  </body>,
  "container": <div>
    <header
      class="MuiPaper-root MuiPaper-elevation MuiPaper-elevation1 MuiAppBar-root MuiAppBar-colorPrimary MuiAppBar-positionFixed appBar mui-fixed css-1jrbdul-MuiPaper-root-MuiAppBar-root"
    >
      <div
        class="MuiToolbar-root MuiToolbar-gutters MuiToolbar-regular toolbar css-hyum1k-MuiToolbar-root"
      >
        <button
          class="MuiButtonBase-root MuiButton-root MuiButton-text MuiButton-textPrimary MuiButton-sizeMedium MuiButton-textSizeMedium MuiButton-root MuiButton-text MuiButton-textPrimary MuiButton-sizeMedium MuiButton-textSizeMedium css-1e6y48t-MuiButtonBase-root-MuiButton-root"
          tabindex="0"
          type="button"
        >
          <div
            class="logoWrapper"
          >
            <img
              alt="logo"
              class="logo"
              src="logo.png"
            />
          </div>
          <span
            class="MuiTouchRipple-root css-8je8zh-MuiTouchRipple-root"
          />
        </button>
        <div
          class="buttonsWrapper"
        >
          <div
            class="buttons"
          >
            <a
              class="link"
            >
              EDUCATION
            </a>
            <a
              class="link"
            >
              EXPERIENCE
            </a>
            <a
              class="link"
            >
              PROJECTS
            </a>
            <a
              class="link"
            >
              SKILLS
            </a>
            <a
              class="link"
            >
              CONTACT
            </a>
          </div>
        </div>
      </div>
    </header>
  </div>,
  "debug": [Function],
  "findAllByAltText": [Function],
  "findAllByDisplayValue": [Function],
  "findAllByLabelText": [Function],
  "findAllByPlaceholderText": [Function],
  "findAllByRole": [Function],
  "findAllByTestId": [Function],
  "findAllByText": [Function],
  "findAllByTitle": [Function],
  "findByAltText": [Function],
  "findByDisplayValue": [Function],
  "findByLabelText": [Function],
  "findByPlaceholderText": [Function],
  "findByRole": [Function],
  "findByTestId": [Function],
  "findByText": [Function],
  "findByTitle": [Function],
  "getAllByAltText": [Function],
  "getAllByDisplayValue": [Function],
  "getAllByLabelText": [Function],
  "getAllByPlaceholderText": [Function],
  "getAllByRole": [Function],
  "getAllByTestId": [Function],
  "getAllByText": [Function],
  "getAllByTitle": [Function],
  "getByAltText": [Function],
  "getByDisplayValue": [Function],
  "getByLabelText": [Function],
  "getByPlaceholderText": [Function],
  "getByRole": [Function],
  "getByTestId": [Function],
  "getByText": [Function],
  "getByTitle": [Function],
  "queryAllByAltText": [Function],
  "queryAllByDisplayValue": [Function],
  "queryAllByLabelText": [Function],
  "queryAllByPlaceholderText": [Function],
  "queryAllByRole": [Function],
  "queryAllByTestId": [Function],
  "queryAllByText": [Function],
  "queryAllByTitle": [Function],
  "queryByAltText": [Function],
  "queryByDisplayValue": [Function],
  "queryByLabelText": [Function],
  "queryByPlaceholderText": [Function],
  "queryByRole": [Function],
  "queryByTestId": [Function],
  "queryByText": [Function],
  "queryByTitle": [Function],
  "rerender": [Function],
  "unmount": [Function],
}
`;
