// Jest Snapshot v1, https://goo.gl/fbAQLP

exports[`Hero component matches snapshot 1`] = `
Object {
  "asFragment": [Function],
  "baseElement": <body>
    <div>
      <div
        class="Hero"
      >
        <div
          class="textSection"
        >
          <h1>
            Hello, I'm
          </h1>
          <div
            class="firstName"
          >
            <h1
              class="firstNameLeft"
              style="opacity: 1;"
            >
              Anthony
            </h1>
            <h1
              class="firstNameRight"
              style="opacity: 1;"
            >
              Danzan
            </h1>
          </div>
          <h1>
            Achit-Erdene
          </h1>
          <p
            class="brief"
          >
            I am a Software Developer based in Massachusetts.
          </p>
        </div>
        <img
          alt="Me"
          class="image"
          src="portrait.png"
        />
      </div>
    </div>
  </body>,
  "container": <div>
    <div
      class="Hero"
    >
      <div
        class="textSection"
      >
        <h1>
          Hello, I'm
        </h1>
        <div
          class="firstName"
        >
          <h1
            class="firstNameLeft"
            style="opacity: 1;"
          >
            Anthony
          </h1>
          <h1
            class="firstNameRight"
            style="opacity: 1;"
          >
            Danzan
          </h1>
        </div>
        <h1>
          Achit-Erdene
        </h1>
        <p
          class="brief"
        >
          I am a Software Developer based in Massachusetts.
        </p>
      </div>
      <img
        alt="Me"
        class="image"
        src="portrait.png"
      />
    </div>
  </div>,
  "debug": [Function],
  "findAllByAltText": [Function],
  "findAllByDisplayValue": [Function],
  "findAllByLabelText": [Function],
  "findAllByPlaceholderText": [Function],
  "findAllByRole": [Function],
  "findAllByTestId": [Function],
  "findAllByText": [Function],
  "findAllByTitle": [Function],
  "findByAltText": [Function],
  "findByDisplayValue": [Function],
  "findByLabelText": [Function],
  "findByPlaceholderText": [Function],
  "findByRole": [Function],
  "findByTestId": [Function],
  "findByText": [Function],
  "findByTitle": [Function],
  "getAllByAltText": [Function],
  "getAllByDisplayValue": [Function],
  "getAllByLabelText": [Function],
  "getAllByPlaceholderText": [Function],
  "getAllByRole": [Function],
  "getAllByTestId": [Function],
  "getAllByText": [Function],
  "getAllByTitle": [Function],
  "getByAltText": [Function],
  "getByDisplayValue": [Function],
  "getByLabelText": [Function],
  "getByPlaceholderText": [Function],
  "getByRole": [Function],
  "getByTestId": [Function],
  "getByText": [Function],
  "getByTitle": [Function],
  "queryAllByAltText": [Function],
  "queryAllByDisplayValue": [Function],
  "queryAllByLabelText": [Function],
  "queryAllByPlaceholderText": [Function],
  "queryAllByRole": [Function],
  "queryAllByTestId": [Function],
  "queryAllByText": [Function],
  "queryAllByTitle": [Function],
  "queryByAltText": [Function],
  "queryByDisplayValue": [Function],
  "queryByLabelText": [Function],
  "queryByPlaceholderText": [Function],
  "queryByRole": [Function],
  "queryByTestId": [Function],
  "queryByText": [Function],
  "queryByTitle": [Function],
  "rerender": [Function],
  "unmount": [Function],
}
`;
