// Jest Snapshot v1, https://goo.gl/fbAQLP

exports[`Project component matches snapshot 1`] = `
Object {
  "asFragment": [Function],
  "baseElement": <body>
    <div>
      <div
        id="projects"
      >
        <h2>
          PROJECTS
        </h2>
        <div
          class="projectCards"
        >
          <div
            class="ProjectCard"
          >
            <a
              href="https://github.com/adanzan/workout-planner"
              rel="noopener noreferrer"
              target="_blank"
            >
              <div
                class="MuiPaper-root MuiPaper-elevation MuiPaper-rounded MuiPaper-elevation1 MuiCard-root css-bhp9pd-MuiPaper-root-MuiCard-root"
              >
                <div
                  class="card"
                >
                  <h3>
                    Workout Planner
                  </h3>
                  <p
                    class="description"
                  >
                    A workout planner with a GUI.
                  </p>
                  <p>
                    C++, QT
                  </p>
                </div>
              </div>
            </a>
          </div>
          <div
            class="ProjectCard"
          >
            <a
              href="https://github.com/adanzan/proficiency-tracker"
              rel="noopener noreferrer"
              target="_blank"
            >
              <div
                class="MuiPaper-root MuiPaper-elevation MuiPaper-rounded MuiPaper-elevation1 MuiCard-root css-bhp9pd-MuiPaper-root-MuiCard-root"
              >
                <div
                  class="card"
                >
                  <h3>
                    Proficiency Tracker
                  </h3>
                  <p
                    class="description"
                  >
                    A proficiency tracker for use in a classroom.
                  </p>
                  <p>
                    React.js, Next.js, Firebase
                  </p>
                </div>
              </div>
            </a>
          </div>
        </div>
      </div>
    </div>
  </body>,
  "container": <div>
    <div
      id="projects"
    >
      <h2>
        PROJECTS
      </h2>
      <div
        class="projectCards"
      >
        <div
          class="ProjectCard"
        >
          <a
            href="https://github.com/adanzan/workout-planner"
            rel="noopener noreferrer"
            target="_blank"
          >
            <div
              class="MuiPaper-root MuiPaper-elevation MuiPaper-rounded MuiPaper-elevation1 MuiCard-root css-bhp9pd-MuiPaper-root-MuiCard-root"
            >
              <div
                class="card"
              >
                <h3>
                  Workout Planner
                </h3>
                <p
                  class="description"
                >
                  A workout planner with a GUI.
                </p>
                <p>
                  C++, QT
                </p>
              </div>
            </div>
          </a>
        </div>
        <div
          class="ProjectCard"
        >
          <a
            href="https://github.com/adanzan/proficiency-tracker"
            rel="noopener noreferrer"
            target="_blank"
          >
            <div
              class="MuiPaper-root MuiPaper-elevation MuiPaper-rounded MuiPaper-elevation1 MuiCard-root css-bhp9pd-MuiPaper-root-MuiCard-root"
            >
              <div
                class="card"
              >
                <h3>
                  Proficiency Tracker
                </h3>
                <p
                  class="description"
                >
                  A proficiency tracker for use in a classroom.
                </p>
                <p>
                  React.js, Next.js, Firebase
                </p>
              </div>
            </div>
          </a>
        </div>
      </div>
    </div>
  </div>,
  "debug": [Function],
  "findAllByAltText": [Function],
  "findAllByDisplayValue": [Function],
  "findAllByLabelText": [Function],
  "findAllByPlaceholderText": [Function],
  "findAllByRole": [Function],
  "findAllByTestId": [Function],
  "findAllByText": [Function],
  "findAllByTitle": [Function],
  "findByAltText": [Function],
  "findByDisplayValue": [Function],
  "findByLabelText": [Function],
  "findByPlaceholderText": [Function],
  "findByRole": [Function],
  "findByTestId": [Function],
  "findByText": [Function],
  "findByTitle": [Function],
  "getAllByAltText": [Function],
  "getAllByDisplayValue": [Function],
  "getAllByLabelText": [Function],
  "getAllByPlaceholderText": [Function],
  "getAllByRole": [Function],
  "getAllByTestId": [Function],
  "getAllByText": [Function],
  "getAllByTitle": [Function],
  "getByAltText": [Function],
  "getByDisplayValue": [Function],
  "getByLabelText": [Function],
  "getByPlaceholderText": [Function],
  "getByRole": [Function],
  "getByTestId": [Function],
  "getByText": [Function],
  "getByTitle": [Function],
  "queryAllByAltText": [Function],
  "queryAllByDisplayValue": [Function],
  "queryAllByLabelText": [Function],
  "queryAllByPlaceholderText": [Function],
  "queryAllByRole": [Function],
  "queryAllByTestId": [Function],
  "queryAllByText": [Function],
  "queryAllByTitle": [Function],
  "queryByAltText": [Function],
  "queryByDisplayValue": [Function],
  "queryByLabelText": [Function],
  "queryByPlaceholderText": [Function],
  "queryByRole": [Function],
  "queryByTestId": [Function],
  "queryByText": [Function],
  "queryByTitle": [Function],
  "rerender": [Function],
  "unmount": [Function],
}
`;
